Archive member included to satisfy reference by file (symbol)

C:/ST/STM32CubeIDE_1.15.0/STM32CubeIDE/plugins/com.st.stm32cube.ide.mcu.externaltools.gnu-tools-for-stm32.12.3.rel1.win32_1.0.100.202403111256/tools/bin/../lib/gcc/arm-none-eabi/12.3.1/../../../../arm-none-eabi/lib/thumb/v7e-m+fp/hard\libc_nano.a(libc_a-exit.o)
                              C:/ST/STM32CubeIDE_1.15.0/STM32CubeIDE/plugins/com.st.stm32cube.ide.mcu.externaltools.gnu-tools-for-stm32.12.3.rel1.win32_1.0.100.202403111256/tools/bin/../lib/gcc/arm-none-eabi/12.3.1/../../../../arm-none-eabi/lib/thumb/v7e-m+fp/hard/crt0.o (exit)
C:/ST/STM32CubeIDE_1.15.0/STM32CubeIDE/plugins/com.st.stm32cube.ide.mcu.externaltools.gnu-tools-for-stm32.12.3.rel1.win32_1.0.100.202403111256/tools/bin/../lib/gcc/arm-none-eabi/12.3.1/../../../../arm-none-eabi/lib/thumb/v7e-m+fp/hard\libc_nano.a(libc_a-findfp.o)
                              C:/ST/STM32CubeIDE_1.15.0/STM32CubeIDE/plugins/com.st.stm32cube.ide.mcu.externaltools.gnu-tools-for-stm32.12.3.rel1.win32_1.0.100.202403111256/tools/bin/../lib/gcc/arm-none-eabi/12.3.1/../../../../arm-none-eabi/lib/thumb/v7e-m+fp/hard\libc_nano.a(libc_a-exit.o) (__stdio_exit_handler)
C:/ST/STM32CubeIDE_1.15.0/STM32CubeIDE/plugins/com.st.stm32cube.ide.mcu.externaltools.gnu-tools-for-stm32.12.3.rel1.win32_1.0.100.202403111256/tools/bin/../lib/gcc/arm-none-eabi/12.3.1/../../../../arm-none-eabi/lib/thumb/v7e-m+fp/hard\libc_nano.a(libc_a-fwalk.o)
                              C:/ST/STM32CubeIDE_1.15.0/STM32CubeIDE/plugins/com.st.stm32cube.ide.mcu.externaltools.gnu-tools-for-stm32.12.3.rel1.win32_1.0.100.202403111256/tools/bin/../lib/gcc/arm-none-eabi/12.3.1/../../../../arm-none-eabi/lib/thumb/v7e-m+fp/hard\libc_nano.a(libc_a-findfp.o) (_fwalk_sglue)
C:/ST/STM32CubeIDE_1.15.0/STM32CubeIDE/plugins/com.st.stm32cube.ide.mcu.externaltools.gnu-tools-for-stm32.12.3.rel1.win32_1.0.100.202403111256/tools/bin/../lib/gcc/arm-none-eabi/12.3.1/../../../../arm-none-eabi/lib/thumb/v7e-m+fp/hard\libc_nano.a(libc_a-stdio.o)
                              C:/ST/STM32CubeIDE_1.15.0/STM32CubeIDE/plugins/com.st.stm32cube.ide.mcu.externaltools.gnu-tools-for-stm32.12.3.rel1.win32_1.0.100.202403111256/tools/bin/../lib/gcc/arm-none-eabi/12.3.1/../../../../arm-none-eabi/lib/thumb/v7e-m+fp/hard\libc_nano.a(libc_a-findfp.o) (__sread)
C:/ST/STM32CubeIDE_1.15.0/STM32CubeIDE/plugins/com.st.stm32cube.ide.mcu.externaltools.gnu-tools-for-stm32.12.3.rel1.win32_1.0.100.202403111256/tools/bin/../lib/gcc/arm-none-eabi/12.3.1/../../../../arm-none-eabi/lib/thumb/v7e-m+fp/hard\libc_nano.a(libc_a-memset.o)
                              C:/ST/STM32CubeIDE_1.15.0/STM32CubeIDE/plugins/com.st.stm32cube.ide.mcu.externaltools.gnu-tools-for-stm32.12.3.rel1.win32_1.0.100.202403111256/tools/bin/../lib/gcc/arm-none-eabi/12.3.1/../../../../arm-none-eabi/lib/thumb/v7e-m+fp/hard/crt0.o (memset)
C:/ST/STM32CubeIDE_1.15.0/STM32CubeIDE/plugins/com.st.stm32cube.ide.mcu.externaltools.gnu-tools-for-stm32.12.3.rel1.win32_1.0.100.202403111256/tools/bin/../lib/gcc/arm-none-eabi/12.3.1/../../../../arm-none-eabi/lib/thumb/v7e-m+fp/hard\libc_nano.a(libc_a-closer.o)
                              C:/ST/STM32CubeIDE_1.15.0/STM32CubeIDE/plugins/com.st.stm32cube.ide.mcu.externaltools.gnu-tools-for-stm32.12.3.rel1.win32_1.0.100.202403111256/tools/bin/../lib/gcc/arm-none-eabi/12.3.1/../../../../arm-none-eabi/lib/thumb/v7e-m+fp/hard\libc_nano.a(libc_a-stdio.o) (_close_r)
C:/ST/STM32CubeIDE_1.15.0/STM32CubeIDE/plugins/com.st.stm32cube.ide.mcu.externaltools.gnu-tools-for-stm32.12.3.rel1.win32_1.0.100.202403111256/tools/bin/../lib/gcc/arm-none-eabi/12.3.1/../../../../arm-none-eabi/lib/thumb/v7e-m+fp/hard\libc_nano.a(libc_a-reent.o)
                              C:/ST/STM32CubeIDE_1.15.0/STM32CubeIDE/plugins/com.st.stm32cube.ide.mcu.externaltools.gnu-tools-for-stm32.12.3.rel1.win32_1.0.100.202403111256/tools/bin/../lib/gcc/arm-none-eabi/12.3.1/../../../../arm-none-eabi/lib/thumb/v7e-m+fp/hard\libc_nano.a(libc_a-closer.o) (errno)
C:/ST/STM32CubeIDE_1.15.0/STM32CubeIDE/plugins/com.st.stm32cube.ide.mcu.externaltools.gnu-tools-for-stm32.12.3.rel1.win32_1.0.100.202403111256/tools/bin/../lib/gcc/arm-none-eabi/12.3.1/../../../../arm-none-eabi/lib/thumb/v7e-m+fp/hard\libc_nano.a(libc_a-impure.o)
                              C:/ST/STM32CubeIDE_1.15.0/STM32CubeIDE/plugins/com.st.stm32cube.ide.mcu.externaltools.gnu-tools-for-stm32.12.3.rel1.win32_1.0.100.202403111256/tools/bin/../lib/gcc/arm-none-eabi/12.3.1/../../../../arm-none-eabi/lib/thumb/v7e-m+fp/hard\libc_nano.a(libc_a-reent.o) (_impure_ptr)
C:/ST/STM32CubeIDE_1.15.0/STM32CubeIDE/plugins/com.st.stm32cube.ide.mcu.externaltools.gnu-tools-for-stm32.12.3.rel1.win32_1.0.100.202403111256/tools/bin/../lib/gcc/arm-none-eabi/12.3.1/../../../../arm-none-eabi/lib/thumb/v7e-m+fp/hard\libc_nano.a(libc_a-lseekr.o)
[...]
Memory Configuration

Name             Origin             Length             Attributes
CCMRAM           0x10000000         0x00001000         xrw
RAM              0x20000000         0x00003000         xrw
FLASH            0x08000000         0x00010000         xr
*default*        0x00000000         0xffffffff

Linker script and memory map

LOAD C:/ST/STM32CubeIDE_1.15.0/STM32CubeIDE/plugins/com.st.stm32cube.ide.mcu.externaltools.gnu-tools-for-stm32.12.3.rel1.win32_1.0.100.202403111256/tools/bin/../lib/gcc/arm-none-eabi/12.3.1/thumb/v7e-m+fp/hard/crti.o
LOAD C:/ST/STM32CubeIDE_1.15.0/STM32CubeIDE/plugins/com.st.stm32cube.ide.mcu.externaltools.gnu-tools-for-stm32.12.3.rel1.win32_1.0.100.202403111256/tools/bin/../lib/gcc/arm-none-eabi/12.3.1/thumb/v7e-m+fp/hard/crtbegin.o
LOAD C:/ST/STM32CubeIDE_1.15.0/STM32CubeIDE/plugins/com.st.stm32cube.ide.mcu.externaltools.gnu-tools-for-stm32.12.3.rel1.win32_1.0.100.202403111256/tools/bin/../lib/gcc/arm-none-eabi/12.3.1/../../../../arm-none-eabi/lib/thumb/v7e-m+fp/hard/crt0.o
LOAD ./Core/Src/adc.o
LOAD ./Core/Src/gpio.o
LOAD ./Core/Src/i2c.o
LOAD ./Core/Src/main.o
LOAD ./Core/Src/stm32f3xx_hal_msp.o
LOAD ./Core/Src/stm32f3xx_it.o
LOAD ./Core/Src/syscalls.o
LOAD ./Core/Src/sysmem.o
LOAD ./Core/Src/system_stm32f3xx.o
LOAD ./Core/Src/usart.o
LOAD ./Core/Startup/startup_stm32f303k8tx.o
LOAD ./Drivers/STM32F3xx_HAL_Driver/Src/stm32f3xx_hal.o
LOAD ./Drivers/STM32F3xx_HAL_Driver/Src/stm32f3xx_hal_adc.o
LOAD ./Drivers/STM32F3xx_HAL_Driver/Src/stm32f3xx_hal_adc_ex.o
LOAD ./Drivers/STM32F3xx_HAL_Driver/Src/stm32f3xx_hal_cortex.o
LOAD ./Drivers/STM32F3xx_HAL_Driver/Src/stm32f3xx_hal_dma.o
LOAD ./Drivers/STM32F3xx_HAL_Driver/Src/stm32f3xx_hal_exti.o
LOAD ./Drivers/STM32F3xx_HAL_Driver/Src/stm32f3xx_hal_flash.o
LOAD ./Drivers/STM32F3xx_HAL_Driver/Src/stm32f3xx_hal_flash_ex.o
LOAD ./Drivers/STM32F3xx_HAL_Driver/Src/stm32f3xx_hal_gpio.o
LOAD ./Drivers/STM32F3xx_HAL_Driver/Src/stm32f3xx_hal_i2c.o
LOAD ./Drivers/STM32F3xx_HAL_Driver/Src/stm32f3xx_hal_i2c_ex.o
LOAD ./Drivers/STM32F3xx_HAL_Driver/Src/stm32f3xx_hal_pwr.o
LOAD ./Drivers/STM32F3xx_HAL_Driver/Src/stm32f3xx_hal_pwr_ex.o
LOAD ./Drivers/STM32F3xx_HAL_Driver/Src/stm32f3xx_hal_rcc.o
LOAD ./Drivers/STM32F3xx_HAL_Driver/Src/stm32f3xx_hal_rcc_ex.o
LOAD ./Drivers/STM32F3xx_HAL_Driver/Src/stm32f3xx_hal_tim.o
LOAD ./Drivers/STM32F3xx_HAL_Driver/Src/stm32f3xx_hal_tim_ex.o
LOAD ./Drivers/STM32F3xx_HAL_Driver/Src/stm32f3xx_hal_uart.o
LOAD ./Drivers/STM32F3xx_HAL_Driver/Src/stm32f3xx_hal_uart_ex.o
START GROUP
LOAD C:/ST/STM32CubeIDE_1.15.0/STM32CubeIDE/plugins/com.st.stm32cube.ide.mcu.externaltools.gnu-tools-for-stm32.12.3.rel1.win32_1.0.100.202403111256/tools/bin/../lib/gcc/arm-none-eabi/12.3.1/../../../../arm-none-eabi/lib/thumb/v7e-m+fp/hard\libc_nano.a
LOAD C:/ST/STM32CubeIDE_1.15.0/STM32CubeIDE/plugins/com.st.stm32cube.ide.mcu.externaltools.gnu-tools-for-stm32.12.3.rel1.win32_1.0.100.202403111256/tools/bin/../lib/gcc/arm-none-eabi/12.3.1/../../../../arm-none-eabi/lib/thumb/v7e-m+fp/hard\libm.a
END GROUP
START GROUP
LOAD C:/ST/STM32CubeIDE_1.15.0/STM32CubeIDE/plugins/com.st.stm32cube.ide.mcu.externaltools.gnu-tools-for-stm32.12.3.rel1.win32_1.0.100.202403111256/tools/bin/../lib/gcc/arm-none-eabi/12.3.1/thumb/v7e-m+fp/hard\libgcc.a
LOAD C:/ST/STM32CubeIDE_1.15.0/STM32CubeIDE/plugins/com.st.stm32cube.ide.mcu.externaltools.gnu-tools-for-stm32.12.3.rel1.win32_1.0.100.202403111256/tools/bin/../lib/gcc/arm-none-eabi/12.3.1/../../../../arm-none-eabi/lib/thumb/v7e-m+fp/hard\libc_nano.a
END GROUP
START GROUP
LOAD C:/ST/STM32CubeIDE_1.15.0/STM32CubeIDE/plugins/com.st.stm32cube.ide.mcu.externaltools.gnu-tools-for-stm32.12.3.rel1.win32_1.0.100.202403111256/tools/bin/../lib/gcc/arm-none-eabi/12.3.1/thumb/v7e-m+fp/hard\libgcc.a
LOAD C:/ST/STM32CubeIDE_1.15.0/STM32CubeIDE/plugins/com.st.stm32cube.ide.mcu.externaltools.gnu-tools-for-stm32.12.3.rel1.win32_1.0.100.202403111256/tools/bin/../lib/gcc/arm-none-eabi/12.3.1/../../../../arm-none-eabi/lib/thumb/v7e-m+fp/hard\libc_nano.a
LOAD C:/ST/STM32CubeIDE_1.15.0/STM32CubeIDE/plugins/com.st.stm32cube.ide.mcu.externaltools.gnu-tools-for-stm32.12.3.rel1.win32_1.0.100.202403111256/tools/bin/../lib/gcc/arm-none-eabi/12.3.1/../../../../arm-none-eabi/lib/thumb/v7e-m+fp/hard\libnosys.a
END GROUP
START GROUP
LOAD C:/ST/STM32CubeIDE_1.15.0/STM32CubeIDE/plugins/com.st.stm32cube.ide.mcu.externaltools.gnu-tools-for-stm32.12.3.rel1.win32_1.0.100.202403111256/tools/bin/../lib/gcc/arm-none-eabi/12.3.1/thumb/v7e-m+fp/hard\libgcc.a
LOAD C:/ST/STM32CubeIDE_1.15.0/STM32CubeIDE/plugins/com.st.stm32cube.ide.mcu.externaltools.gnu-tools-for-stm32.12.3.rel1.win32_1.0.100.202403111256/tools/bin/../lib/gcc/arm-none-eabi/12.3.1/../../../../arm-none-eabi/lib/thumb/v7e-m+fp/hard\libc_nano.a
LOAD C:/ST/STM32CubeIDE_1.15.0/STM32CubeIDE/plugins/com.st.stm32cube.ide.mcu.externaltools.gnu-tools-for-stm32.12.3.rel1.win32_1.0.100.202403111256/tools/bin/../lib/gcc/arm-none-eabi/12.3.1/../../../../arm-none-eabi/lib/thumb/v7e-m+fp/hard\libnosys.a
END GROUP
LOAD C:/ST/STM32CubeIDE_1.15.0/STM32CubeIDE/plugins/com.st.stm32cube.ide.mcu.externaltools.gnu-tools-for-stm32.12.3.rel1.win32_1.0.100.202403111256/tools/bin/../lib/gcc/arm-none-eabi/12.3.1/thumb/v7e-m+fp/hard/crtend.o
LOAD C:/ST/STM32CubeIDE_1.15.0/STM32CubeIDE/plugins/com.st.stm32cube.ide.mcu.externaltools.gnu-tools-for-stm32.12.3.rel1.win32_1.0.100.202403111256/tools/bin/../lib/gcc/arm-none-eabi/12.3.1/thumb/v7e-m+fp/hard/crtn.o
                0x20003000                        _estack = (ORIGIN (RAM) + LENGTH (RAM))
                0x00000200                        _Min_Heap_Size = 0x200
                0x00000400                        _Min_Stack_Size = 0x400

.isr_vector     0x08000000      0x188
                0x08000000                        . = ALIGN (0x4)
 *(.isr_vector)
 .isr_vector    0x08000000      0x188 ./Core/Startup/startup_stm32f303k8tx.o
                0x08000000                g_pfnVectors
                0x08000188                        . = ALIGN (0x4)

.text           0x08000188     0x64a4
                0x08000188                        . = ALIGN (0x4)
 *(.text)
 .text          0x08000188       0x40 C:/ST/STM32CubeIDE_1.15.0/STM32CubeIDE/plugins/com.st.stm32cube.ide.mcu.externaltools.gnu-tools-for-stm32.12.3.rel1.win32_1.0.100.202403111256/tools/bin/../lib/gcc/arm-none-eabi/12.3.1/thumb/v7e-m+fp/hard/crtbegin.o
 *(.text*)
 .text.MX_ADC1_Init
                0x080001c8      0x18c ./Core/Src/adc.o
                0x080001c8                MX_ADC1_Init
 .text.MX_ADC2_Init
                0x08000354      0x12c ./Core/Src/adc.o
                0x08000354                MX_ADC2_Init
 .text.HAL_ADC_MspInit
                0x08000480      0x130 ./Core/Src/adc.o
                0x08000480                HAL_ADC_MspInit
 .text.MX_GPIO_Init
                0x080005b0       0xe0 ./Core/Src/gpio.o
                0x080005b0                MX_GPIO_Init
 .text.MX_I2C1_Init
                0x08000690       0x7c ./Core/Src/i2c.o
                0x08000690                MX_I2C1_Init
 .text.HAL_I2C_MspInit
                0x0800070c       0xa8 ./Core/Src/i2c.o
                0x0800070c                HAL_I2C_MspInit
 .text.main     0x080007b4      0x31c ./Core/Src/main.o
                0x080007b4                main
 .text.SystemClock_Config
                0x08000ad0       0xc2 ./Core/Src/main.o
                0x08000ad0                SystemClock_Config
 *fill*         0x08000b92        0x2 
 .text.HAL_I2C_SlaveRxCpltCallback
                0x08000b94       0xe8 ./Core/Src/main.o
                0x08000b94                HAL_I2C_SlaveRxCpltCallback
 .text.HAL_I2C_SlaveTxCpltCallback
                0x08000c7c       0x38 ./Core/Src/main.o
                0x08000c7c                HAL_I2C_SlaveTxCpltCallback
 .text.Error_Handler
                0x08000cb4        0xc ./Core/Src/main.o
                0x08000cb4                Error_Handler
 .text.HAL_MspInit
                0x08000cc0       0x48 ./Core/Src/stm32f3xx_hal_msp.o
                0x08000cc0                HAL_MspInit
 .text.NMI_Handler
                0x08000d08        0x8 ./Core/Src/stm32f3xx_it.o
                0x08000d08                NMI_Handler
 .text.HardFault_Handler
                0x08000d10        0x8 ./Core/Src/stm32f3xx_it.o
                0x08000d10                HardFault_Handler
 .text.MemManage_Handler
                0x08000d18        0x8 ./Core/Src/stm32f3xx_it.o
                0x08000d18                MemManage_Handler
 .text.BusFault_Handler
                0x08000d20        0x8 ./Core/Src/stm32f3xx_it.o
                0x08000d20                BusFault_Handler
 .text.UsageFault_Handler
                0x08000d28        0x8 ./Core/Src/stm32f3xx_it.o
                0x08000d28                UsageFault_Handler
 .text.SVC_Handler
                0x08000d30        0xe ./Core/Src/stm32f3xx_it.o
                0x08000d30                SVC_Handler
 .text.DebugMon_Handler
                0x08000d3e        0xe ./Core/Src/stm32f3xx_it.o
                0x08000d3e                DebugMon_Handler
 .text.PendSV_Handler
                0x08000d4c        0xe ./Core/Src/stm32f3xx_it.o
                0x08000d4c                PendSV_Handler
 .text.SysTick_Handler
                0x08000d5a        0xc ./Core/Src/stm32f3xx_it.o
                0x08000d5a                SysTick_Handler
 *fill*         0x08000d66        0x2 
 .text.I2C1_EV_IRQHandler
                0x08000d68       0x14 ./Core/Src/stm32f3xx_it.o
                0x08000d68                I2C1_EV_IRQHandler
 .text.I2C1_ER_IRQHandler
                0x08000d7c       0x14 ./Core/Src/stm32f3xx_it.o
                0x08000d7c                I2C1_ER_IRQHandler
 .text.SystemInit
                0x08000d90       0x24 ./Core/Src/system_stm32f3xx.o
                0x08000d90                SystemInit
 .text.MX_USART2_UART_Init
                0x08000db4       0x60 ./Core/Src/usart.o
                0x08000db4                MX_USART2_UART_Init
 .text.HAL_UART_MspInit
                0x08000e14       0x84 ./Core/Src/usart.o
                0x08000e14                HAL_UART_MspInit
 .text.Reset_Handler
                0x08000e98       0x50 ./Core/Startup/startup_stm32f303k8tx.o
                0x08000e98                Reset_Handler
 .text.Default_Handler
                0x08000ee8        0x2 ./Core/Startup/startup_stm32f303k8tx.o
                0x08000ee8                RTC_Alarm_IRQHandler
                0x08000ee8                TIM1_CC_IRQHandler
                0x08000ee8                PVD_IRQHandler
                0x08000ee8                TAMP_STAMP_IRQHandler
                0x08000ee8                EXTI3_IRQHandler
                0x08000ee8                EXTI0_IRQHandler
                0x08000ee8                FPU_IRQHandler
                0x08000ee8                CAN_TX_IRQHandler
                0x08000ee8                TIM1_UP_TIM16_IRQHandler
                0x08000ee8                ADC1_2_IRQHandler
                0x08000ee8                SPI1_IRQHandler
                0x08000ee8                CAN_SCE_IRQHandler
                0x08000ee8                DMA1_Channel4_IRQHandler
                0x08000ee8                USART3_IRQHandler
                0x08000ee8                DMA1_Channel7_IRQHandler
                0x08000ee8                TIM7_DAC2_IRQHandler
                0x08000ee8                CAN_RX1_IRQHandler
                0x08000ee8                DMA1_Channel6_IRQHandler
                0x08000ee8                TIM3_IRQHandler
                0x08000ee8                RCC_IRQHandler
                0x08000ee8                DMA1_Channel1_IRQHandler
                0x08000ee8                Default_Handler
                0x08000ee8                EXTI15_10_IRQHandler
                0x08000ee8                COMP2_IRQHandler
                0x08000ee8                TIM6_DAC1_IRQHandler
                0x08000ee8                EXTI9_5_IRQHandler
                0x08000ee8                RTC_WKUP_IRQHandler
                0x08000ee8                DMA1_Channel5_IRQHandler
                0x08000ee8                EXTI4_IRQHandler
                0x08000ee8                TIM1_TRG_COM_TIM17_IRQHandler
                0x08000ee8                DMA1_Channel3_IRQHandler
                0x08000ee8                WWDG_IRQHandler
                0x08000ee8                TIM2_IRQHandler
                0x08000ee8                EXTI1_IRQHandler
                0x08000ee8                COMP4_6_IRQHandler
                0x08000ee8                USART2_IRQHandler
                0x08000ee8                DMA1_Channel2_IRQHandler
                0x08000ee8                FLASH_IRQHandler
                0x08000ee8                USART1_IRQHandler
                0x08000ee8                CAN_RX0_IRQHandler
                0x08000ee8                EXTI2_TSC_IRQHandler
                0x08000ee8                TIM1_BRK_TIM15_IRQHandler
 *fill*         0x08000eea        0x2 
 .text.HAL_Init
                0x08000eec       0x2c ./Drivers/STM32F3xx_HAL_Driver/Src/stm32f3xx_hal.o
                0x08000eec                HAL_Init
 .text.HAL_InitTick
                0x08000f18       0x60 ./Drivers/STM32F3xx_HAL_Driver/Src/stm32f3xx_hal.o
                0x08000f18                HAL_InitTick
 .text.HAL_IncTick
                0x08000f78       0x28 ./Drivers/STM32F3xx_HAL_Driver/Src/stm32f3xx_hal.o
                0x08000f78                HAL_IncTick
 .text.HAL_GetTick
                0x08000fa0       0x18 ./Drivers/STM32F3xx_HAL_Driver/Src/stm32f3xx_hal.o
                0x08000fa0                HAL_GetTick
 .text.HAL_ADC_Init
                0x08000fb8      0x324 ./Drivers/STM32F3xx_HAL_Driver/Src/stm32f3xx_hal_adc_ex.o
                0x08000fb8                HAL_ADC_Init
 .text.HAL_ADC_PollForConversion
                0x080012dc      0x19c ./Drivers/STM32F3xx_HAL_Driver/Src/stm32f3xx_hal_adc_ex.o
                0x080012dc                HAL_ADC_PollForConversion
 .text.HAL_ADCEx_Calibration_Start
                0x08001478       0xe4 ./Drivers/STM32F3xx_HAL_Driver/Src/stm32f3xx_hal_adc_ex.o
                0x08001478                HAL_ADCEx_Calibration_Start
 .text.HAL_ADCEx_InjectedStart
                0x0800155c      0x110 ./Drivers/STM32F3xx_HAL_Driver/Src/stm32f3xx_hal_adc_ex.o
                0x0800155c                HAL_ADCEx_InjectedStart
 .text.HAL_ADCEx_InjectedStop
                0x0800166c       0xb2 ./Drivers/STM32F3xx_HAL_Driver/Src/stm32f3xx_hal_adc_ex.o
                0x0800166c                HAL_ADCEx_InjectedStop
 .text.HAL_ADCEx_InjectedGetValue
                0x0800171e       0x66 ./Drivers/STM32F3xx_HAL_Driver/Src/stm32f3xx_hal_adc_ex.o
                0x0800171e                HAL_ADCEx_InjectedGetValue
 .text.HAL_ADC_ConfigChannel
                0x08001784      0x57c ./Drivers/STM32F3xx_HAL_Driver/Src/stm32f3xx_hal_adc_ex.o
                0x08001784                HAL_ADC_ConfigChannel
 .text.HAL_ADCEx_InjectedConfigChannel
                0x08001d00      0x634 ./Drivers/STM32F3xx_HAL_Driver/Src/stm32f3xx_hal_adc_ex.o
                0x08001d00                HAL_ADCEx_InjectedConfigChannel
 .text.HAL_ADCEx_MultiModeConfigChannel
                0x08002334      0x18c ./Drivers/STM32F3xx_HAL_Driver/Src/stm32f3xx_hal_adc_ex.o
                0x08002334                HAL_ADCEx_MultiModeConfigChannel
 .text.ADC_Enable
                0x080024c0       0xc8 ./Drivers/STM32F3xx_HAL_Driver/Src/stm32f3xx_hal_adc_ex.o
 .text.ADC_Disable
                0x08002588       0xcc ./Drivers/STM32F3xx_HAL_Driver/Src/stm32f3xx_hal_adc_ex.o
 .text.ADC_ConversionStop
                0x08002654      0x16c ./Drivers/STM32F3xx_HAL_Driver/Src/stm32f3xx_hal_adc_ex.o
 .text.__NVIC_SetPriorityGrouping
                0x080027c0       0x48 ./Drivers/STM32F3xx_HAL_Driver/Src/stm32f3xx_hal_cortex.o
 .text.__NVIC_GetPriorityGrouping
                0x08002808       0x1c ./Drivers/STM32F3xx_HAL_Driver/Src/stm32f3xx_hal_cortex.o
 .text.__NVIC_EnableIRQ
                0x08002824       0x3c ./Drivers/STM32F3xx_HAL_Driver/Src/stm32f3xx_hal_cortex.o
 .text.__NVIC_SetPriority
                0x08002860       0x54 ./Drivers/STM32F3xx_HAL_Driver/Src/stm32f3xx_hal_cortex.o
 .text.NVIC_EncodePriority
                0x080028b4       0x66 ./Drivers/STM32F3xx_HAL_Driver/Src/stm32f3xx_hal_cortex.o
 *fill*         0x0800291a        0x2 
 .text.SysTick_Config
                0x0800291c       0x44 ./Drivers/STM32F3xx_HAL_Driver/Src/stm32f3xx_hal_cortex.o
 .text.HAL_NVIC_SetPriorityGrouping
                0x08002960       0x16 ./Drivers/STM32F3xx_HAL_Driver/Src/stm32f3xx_hal_cortex.o
                0x08002960                HAL_NVIC_SetPriorityGrouping
 .text.HAL_NVIC_SetPriority
                0x08002976       0x38 ./Drivers/STM32F3xx_HAL_Driver/Src/stm32f3xx_hal_cortex.o
                0x08002976                HAL_NVIC_SetPriority
 .text.HAL_NVIC_EnableIRQ
                0x080029ae       0x1c ./Drivers/STM32F3xx_HAL_Driver/Src/stm32f3xx_hal_cortex.o
                0x080029ae                HAL_NVIC_EnableIRQ
 .text.HAL_SYSTICK_Config
                0x080029ca       0x18 ./Drivers/STM32F3xx_HAL_Driver/Src/stm32f3xx_hal_cortex.o
                0x080029ca                HAL_SYSTICK_Config
 .text.HAL_DMA_Abort_IT
                0x080029e2       0x7c ./Drivers/STM32F3xx_HAL_Driver/Src/stm32f3xx_hal_dma.o
                0x080029e2                HAL_DMA_Abort_IT
 .text.HAL_DMA_GetState
                0x08002a5e       0x1a ./Drivers/STM32F3xx_HAL_Driver/Src/stm32f3xx_hal_dma.o
                0x08002a5e                HAL_DMA_GetState
 .text.HAL_GPIO_Init
                0x08002a78      0x2e4 ./Drivers/STM32F3xx_HAL_Driver/Src/stm32f3xx_hal_gpio.o
                0x08002a78                HAL_GPIO_Init
 .text.HAL_GPIO_WritePin
                0x08002d5c       0x30 ./Drivers/STM32F3xx_HAL_Driver/Src/stm32f3xx_hal_gpio.o
                0x08002d5c                HAL_GPIO_WritePin
 .text.HAL_I2C_Init
                0x08002d8c      0x136 ./Drivers/STM32F3xx_HAL_Driver/Src/stm32f3xx_hal_i2c.o
                0x08002d8c                HAL_I2C_Init
 *fill*         0x08002ec2        0x2 
 .text.HAL_I2C_Slave_Transmit_IT
                0x08002ec4       0xdc ./Drivers/STM32F3xx_HAL_Driver/Src/stm32f3xx_hal_i2c.o
                0x08002ec4                HAL_I2C_Slave_Transmit_IT
 .text.HAL_I2C_Slave_Receive_IT
                0x08002fa0       0xa0 ./Drivers/STM32F3xx_HAL_Driver/Src/stm32f3xx_hal_i2c.o
                0x08002fa0                HAL_I2C_Slave_Receive_IT
 .text.HAL_I2C_EnableListen_IT
                0x08003040       0x40 ./Drivers/STM32F3xx_HAL_Driver/Src/stm32f3xx_hal_i2c.o
                0x08003040                HAL_I2C_EnableListen_IT
 .text.HAL_I2C_EV_IRQHandler
                0x08003080       0x34 ./Drivers/STM32F3xx_HAL_Driver/Src/stm32f3xx_hal_i2c.o
                0x08003080                HAL_I2C_EV_IRQHandler
 .text.HAL_I2C_ER_IRQHandler
                0x080030b4       0xb6 ./Drivers/STM32F3xx_HAL_Driver/Src/stm32f3xx_hal_i2c.o
                0x080030b4                HAL_I2C_ER_IRQHandler
 .text.HAL_I2C_MasterTxCpltCallback
                0x0800316a       0x14 ./Drivers/STM32F3xx_HAL_Driver/Src/stm32f3xx_hal_i2c.o
                0x0800316a                HAL_I2C_MasterTxCpltCallback
 .text.HAL_I2C_MasterRxCpltCallback
                0x0800317e       0x14 ./Drivers/STM32F3xx_HAL_Driver/Src/stm32f3xx_hal_i2c.o
                0x0800317e                HAL_I2C_MasterRxCpltCallback
 .text.HAL_I2C_AddrCallback
                0x08003192       0x1c ./Drivers/STM32F3xx_HAL_Driver/Src/stm32f3xx_hal_i2c.o
                0x08003192                HAL_I2C_AddrCallback
 .text.HAL_I2C_ListenCpltCallback
                0x080031ae       0x14 ./Drivers/STM32F3xx_HAL_Driver/Src/stm32f3xx_hal_i2c.o
                0x080031ae                HAL_I2C_ListenCpltCallback
 .text.HAL_I2C_MemTxCpltCallback
                0x080031c2       0x14 ./Drivers/STM32F3xx_HAL_Driver/Src/stm32f3xx_hal_i2c.o
                0x080031c2                HAL_I2C_MemTxCpltCallback
 .text.HAL_I2C_MemRxCpltCallback
                0x080031d6       0x14 ./Drivers/STM32F3xx_HAL_Driver/Src/stm32f3xx_hal_i2c.o
                0x080031d6                HAL_I2C_MemRxCpltCallback
 .text.HAL_I2C_ErrorCallback
                0x080031ea       0x14 ./Drivers/STM32F3xx_HAL_Driver/Src/stm32f3xx_hal_i2c.o
                0x080031ea                HAL_I2C_ErrorCallback
 .text.HAL_I2C_AbortCpltCallback
                0x080031fe       0x14 ./Drivers/STM32F3xx_HAL_Driver/Src/stm32f3xx_hal_i2c.o
                0x080031fe                HAL_I2C_AbortCpltCallback
 .text.I2C_Slave_ISR_IT
                0x08003212      0x1f2 ./Drivers/STM32F3xx_HAL_Driver/Src/stm32f3xx_hal_i2c.o
 .text.I2C_Master_ISR_DMA
                0x08003404      0x1f2 ./Drivers/STM32F3xx_HAL_Driver/Src/stm32f3xx_hal_i2c.o
 *fill*         0x080035f6        0x2 
 .text.I2C_Mem_ISR_DMA
                0x080035f8      0x288 ./Drivers/STM32F3xx_HAL_Driver/Src/stm32f3xx_hal_i2c.o
 .text.I2C_Slave_ISR_DMA
                0x08003880      0x1ae ./Drivers/STM32F3xx_HAL_Driver/Src/stm32f3xx_hal_i2c.o
 .text.I2C_ITAddrCplt
                0x08003a2e      0x108 ./Drivers/STM32F3xx_HAL_Driver/Src/stm32f3xx_hal_i2c.o
 .text.I2C_ITMasterSeqCplt
                0x08003b36       0x7a ./Drivers/STM32F3xx_HAL_Driver/Src/stm32f3xx_hal_i2c.o
 .text.I2C_ITSlaveSeqCplt
                0x08003bb0       0xb8 ./Drivers/STM32F3xx_HAL_Driver/Src/stm32f3xx_hal_i2c.o
 .text.I2C_ITMasterCplt
                0x08003c68      0x190 ./Drivers/STM32F3xx_HAL_Driver/Src/stm32f3xx_hal_i2c.o
 .text.I2C_ITSlaveCplt
                0x08003df8      0x2c8 ./Drivers/STM32F3xx_HAL_Driver/Src/stm32f3xx_hal_i2c.o
 .text.I2C_ITListenCplt
                0x080040c0       0xa8 ./Drivers/STM32F3xx_HAL_Driver/Src/stm32f3xx_hal_i2c.o
 .text.I2C_ITError
                0x08004168      0x1e0 ./Drivers/STM32F3xx_HAL_Driver/Src/stm32f3xx_hal_i2c.o
 .text.I2C_TreatErrorCallback
                0x08004348       0x4e ./Drivers/STM32F3xx_HAL_Driver/Src/stm32f3xx_hal_i2c.o
 .text.I2C_Flush_TXDR
                0x08004396       0x48 ./Drivers/STM32F3xx_HAL_Driver/Src/stm32f3xx_hal_i2c.o
 .text.I2C_DMAAbort
                0x080043de       0x3c ./Drivers/STM32F3xx_HAL_Driver/Src/stm32f3xx_hal_i2c.o
 *fill*         0x0800441a        0x2 
 .text.I2C_TransferConfig
                0x0800441c       0x64 ./Drivers/STM32F3xx_HAL_Driver/Src/stm32f3xx_hal_i2c.o
 .text.I2C_Enable_IRQ
                0x08004480      0x108 ./Drivers/STM32F3xx_HAL_Driver/Src/stm32f3xx_hal_i2c.o
 .text.I2C_Disable_IRQ
                0x08004588       0xbc ./Drivers/STM32F3xx_HAL_Driver/Src/stm32f3xx_hal_i2c.o
 .text.HAL_I2CEx_ConfigAnalogFilter
                0x08004644       0x96 ./Drivers/STM32F3xx_HAL_Driver/Src/stm32f3xx_hal_i2c_ex.o
                0x08004644                HAL_I2CEx_ConfigAnalogFilter
 .text.HAL_I2CEx_ConfigDigitalFilter
                0x080046da       0x98 ./Drivers/STM32F3xx_HAL_Driver/Src/stm32f3xx_hal_i2c_ex.o
                0x080046da                HAL_I2CEx_ConfigDigitalFilter
 *fill*         0x08004772        0x2 
 .text.HAL_RCC_OscConfig
                0x08004774     0x107c ./Drivers/STM32F3xx_HAL_Driver/Src/stm32f3xx_hal_rcc.o
                0x08004774                HAL_RCC_OscConfig
 .text.HAL_RCC_ClockConfig
                0x080057f0      0x2f8 ./Drivers/STM32F3xx_HAL_Driver/Src/stm32f3xx_hal_rcc.o
                0x080057f0                HAL_RCC_ClockConfig
 .text.HAL_RCC_GetSysClockFreq
                0x08005ae8       0xa8 ./Drivers/STM32F3xx_HAL_Driver/Src/stm32f3xx_hal_rcc.o
                0x08005ae8                HAL_RCC_GetSysClockFreq
 .text.HAL_RCC_GetHCLKFreq
                0x08005b90       0x18 ./Drivers/STM32F3xx_HAL_Driver/Src/stm32f3xx_hal_rcc.o
                0x08005b90                HAL_RCC_GetHCLKFreq
 .text.HAL_RCC_GetPCLK1Freq
                0x08005ba8       0x44 ./Drivers/STM32F3xx_HAL_Driver/Src/stm32f3xx_hal_rcc.o
                0x08005ba8                HAL_RCC_GetPCLK1Freq
 .text.HAL_RCC_GetPCLK2Freq
                0x08005bec       0x44 ./Drivers/STM32F3xx_HAL_Driver/Src/stm32f3xx_hal_rcc.o
                0x08005bec                HAL_RCC_GetPCLK2Freq
 .text.HAL_RCCEx_PeriphCLKConfig
                0x08005c30      0x24c ./Drivers/STM32F3xx_HAL_Driver/Src/stm32f3xx_hal_rcc_ex.o
                0x08005c30                HAL_RCCEx_PeriphCLKConfig
 .text.HAL_UART_Init
                0x08005e7c       0x9c ./Drivers/STM32F3xx_HAL_Driver/Src/stm32f3xx_hal_uart.o
                0x08005e7c                HAL_UART_Init
 .text.UART_SetConfig
                0x08005f18      0x26c ./Drivers/STM32F3xx_HAL_Driver/Src/stm32f3xx_hal_uart.o
                0x08005f18                UART_SetConfig
 .text.UART_AdvFeatureConfig
                0x08006184      0x144 ./Drivers/STM32F3xx_HAL_Driver/Src/stm32f3xx_hal_uart.o
                0x08006184                UART_AdvFeatureConfig
 .text.UART_CheckIdleState
                0x080062c8      0x150 ./Drivers/STM32F3xx_HAL_Driver/Src/stm32f3xx_hal_uart.o
                0x080062c8                UART_CheckIdleState
 .text.UART_WaitOnFlagUntilTimeout
                0x08006418       0xda ./Drivers/STM32F3xx_HAL_Driver/Src/stm32f3xx_hal_uart.o
                0x08006418                UART_WaitOnFlagUntilTimeout
 .text.UART_EndRxTransfer
                0x080064f2       0xc8 ./Drivers/STM32F3xx_HAL_Driver/Src/stm32f3xx_hal_uart.o
 .text.memset   0x080065ba       0x10 C:/ST/STM32CubeIDE_1.15.0/STM32CubeIDE/plugins/com.st.stm32cube.ide.mcu.externaltools.gnu-tools-for-stm32.12.3.rel1.win32_1.0.100.202403111256/tools/bin/../lib/gcc/arm-none-eabi/12.3.1/../../../../arm-none-eabi/lib/thumb/v7e-m+fp/hard\libc_nano.a(libc_a-memset.o)
                0x080065ba                memset
 *fill*         0x080065ca        0x2 
 .text.__libc_init_array
                0x080065cc       0x48 C:/ST/STM32CubeIDE_1.15.0/STM32CubeIDE/plugins/com.st.stm32cube.ide.mcu.externaltools.gnu-tools-for-stm32.12.3.rel1.win32_1.0.100.202403111256/tools/bin/../lib/gcc/arm-none-eabi/12.3.1/../../../../arm-none-eabi/lib/thumb/v7e-m+fp/hard\libc_nano.a(libc_a-init.o)
                0x080065cc                __libc_init_array
 *(.glue_7)
 .glue_7        0x08006614        0x0 linker stubs
 *(.glue_7t)
 .glue_7t       0x08006614        0x0 linker stubs
 *(.eh_frame)
 .eh_frame      0x08006614        0x0 C:/ST/STM32CubeIDE_1.15.0/STM32CubeIDE/plugins/com.st.stm32cube.ide.mcu.externaltools.gnu-tools-for-stm32.12.3.rel1.win32_1.0.100.202403111256/tools/bin/../lib/gcc/arm-none-eabi/12.3.1/thumb/v7e-m+fp/hard/crtbegin.o
 *(.init)
 .init          0x08006614        0x4 C:/ST/STM32CubeIDE_1.15.0/STM32CubeIDE/plugins/com.st.stm32cube.ide.mcu.externaltools.gnu-tools-for-stm32.12.3.rel1.win32_1.0.100.202403111256/tools/bin/../lib/gcc/arm-none-eabi/12.3.1/thumb/v7e-m+fp/hard/crti.o
                0x08006614                _init
 .init          0x08006618        0x8 C:/ST/STM32CubeIDE_1.15.0/STM32CubeIDE/plugins/com.st.stm32cube.ide.mcu.externaltools.gnu-tools-for-stm32.12.3.rel1.win32_1.0.100.202403111256/tools/bin/../lib/gcc/arm-none-eabi/12.3.1/thumb/v7e-m+fp/hard/crtn.o
 *(.fini)
 .fini          0x08006620        0x4 C:/ST/STM32CubeIDE_1.15.0/STM32CubeIDE/plugins/com.st.stm32cube.ide.mcu.externaltools.gnu-tools-for-stm32.12.3.rel1.win32_1.0.100.202403111256/tools/bin/../lib/gcc/arm-none-eabi/12.3.1/thumb/v7e-m+fp/hard/crti.o
                0x08006620                _fini
 .fini          0x08006624        0x8 C:/ST/STM32CubeIDE_1.15.0/STM32CubeIDE/plugins/com.st.stm32cube.ide.mcu.externaltools.gnu-tools-for-stm32.12.3.rel1.win32_1.0.100.202403111256/tools/bin/../lib/gcc/arm-none-eabi/12.3.1/thumb/v7e-m+fp/hard/crtn.o
                0x0800662c                        . = ALIGN (0x4)
                0x0800662c                        _etext = .

.vfp11_veneer   0x0800662c        0x0
 .vfp11_veneer  0x0800662c        0x0 linker stubs

.v4_bx          0x0800662c        0x0
 .v4_bx         0x0800662c        0x0 linker stubs

.iplt           0x0800662c        0x0
 .iplt          0x0800662c        0x0 C:/ST/STM32CubeIDE_1.15.0/STM32CubeIDE/plugins/com.st.stm32cube.ide.mcu.externaltools.gnu-tools-for-stm32.12.3.rel1.win32_1.0.100.202403111256/tools/bin/../lib/gcc/arm-none-eabi/12.3.1/thumb/v7e-m+fp/hard/crtbegin.o

.rodata         0x0800662c       0x38
                0x0800662c                        . = ALIGN (0x4)
 *(.rodata)
 *(.rodata*)
 .rodata.AHBPrescTable
                0x0800662c       0x10 ./Core/Src/system_stm32f3xx.o
                0x0800662c                AHBPrescTable
 .rodata.APBPrescTable
                0x0800663c        0x8 ./Core/Src/system_stm32f3xx.o
                0x0800663c                APBPrescTable
 .rodata.aPLLMULFactorTable
                0x08006644       0x10 ./Drivers/STM32F3xx_HAL_Driver/Src/stm32f3xx_hal_rcc.o
 .rodata.aPredivFactorTable
                0x08006654       0x10 ./Drivers/STM32F3xx_HAL_Driver/Src/stm32f3xx_hal_rcc.o
                0x08006664                        . = ALIGN (0x4)

.ARM.extab      0x08006664        0x0
                0x08006664                        . = ALIGN (0x4)
 *(.ARM.extab* .gnu.linkonce.armextab.*)
                0x08006664                        . = ALIGN (0x4)

.ARM            0x08006664        0x0
                0x08006664                        . = ALIGN (0x4)
                0x08006664                        __exidx_start = .
 *(.ARM.exidx*)
                0x08006664                        __exidx_end = .
                0x08006664                        . = ALIGN (0x4)

.preinit_array  0x08006664        0x0
                0x08006664                        . = ALIGN (0x4)
                0x08006664                        PROVIDE (__preinit_array_start = .)
 *(.preinit_array*)
                0x08006664                        PROVIDE (__preinit_array_end = .)
                0x08006664                        . = ALIGN (0x4)

.init_array     0x08006664        0x4
                0x08006664                        . = ALIGN (0x4)
                0x08006664                        PROVIDE (__init_array_start = .)
 *(SORT_BY_NAME(.init_array.*))
 *(.init_array*)
 .init_array    0x08006664        0x4 C:/ST/STM32CubeIDE_1.15.0/STM32CubeIDE/plugins/com.st.stm32cube.ide.mcu.externaltools.gnu-tools-for-stm32.12.3.rel1.win32_1.0.100.202403111256/tools/bin/../lib/gcc/arm-none-eabi/12.3.1/thumb/v7e-m+fp/hard/crtbegin.o
                0x08006668                        PROVIDE (__init_array_end = .)
                0x08006668                        . = ALIGN (0x4)

.fini_array     0x08006668        0x4
                0x08006668                        . = ALIGN (0x4)
                [!provide]                        PROVIDE (__fini_array_start = .)
 *(SORT_BY_NAME(.fini_array.*))
 *(.fini_array*)
 .fini_array    0x08006668        0x4 C:/ST/STM32CubeIDE_1.15.0/STM32CubeIDE/plugins/com.st.stm32cube.ide.mcu.externaltools.gnu-tools-for-stm32.12.3.rel1.win32_1.0.100.202403111256/tools/bin/../lib/gcc/arm-none-eabi/12.3.1/thumb/v7e-m+fp/hard/crtbegin.o
                [!provide]                        PROVIDE (__fini_array_end = .)
                0x0800666c                        . = ALIGN (0x4)
                0x0800666c                        _sidata = LOADADDR (.data)

.rel.dyn        0x0800666c        0x0
 .rel.iplt      0x0800666c        0x0 C:/ST/STM32CubeIDE_1.15.0/STM32CubeIDE/plugins/com.st.stm32cube.ide.mcu.externaltools.gnu-tools-for-stm32.12.3.rel1.win32_1.0.100.202403111256/tools/bin/../lib/gcc/arm-none-eabi/12.3.1/thumb/v7e-m+fp/hard/crtbegin.o

.data           0x20000000        0xc load address 0x0800666c
                0x20000000                        . = ALIGN (0x4)
                0x20000000                        _sdata = .
 *(.data)
 *(.data*)
 .data.SystemCoreClock
                0x20000000        0x4 ./Core/Src/system_stm32f3xx.o
                0x20000000                SystemCoreClock
 .data.uwTickPrio
                0x20000004        0x4 ./Drivers/STM32F3xx_HAL_Driver/Src/stm32f3xx_hal.o
                0x20000004                uwTickPrio
 .data.uwTickFreq
                0x20000008        0x1 ./Drivers/STM32F3xx_HAL_Driver/Src/stm32f3xx_hal.o
                0x20000008                uwTickFreq
 *(.RamFunc)
 *(.RamFunc*)
                0x2000000c                        . = ALIGN (0x4)
 *fill*         0x20000009        0x3 
                0x2000000c                        _edata = .
                0x08006678                        _siccmram = LOADADDR (.ccmram)

.igot.plt       0x2000000c        0x0 load address 0x08006678
 .igot.plt      0x2000000c        0x0 C:/ST/STM32CubeIDE_1.15.0/STM32CubeIDE/plugins/com.st.stm32cube.ide.mcu.externaltools.gnu-tools-for-stm32.12.3.rel1.win32_1.0.100.202403111256/tools/bin/../lib/gcc/arm-none-eabi/12.3.1/thumb/v7e-m+fp/hard/crtbegin.o

.ccmram         0x10000000        0x0 load address 0x08006678
                0x10000000                        . = ALIGN (0x4)
                0x10000000                        _sccmram = .
 *(.ccmram)
 *(.ccmram*)
                0x10000000                        . = ALIGN (0x4)
                0x10000000                        _eccmram = .
                0x10000000                        . = ALIGN (0x4)

.bss            0x2000000c      0x1c8
                0x2000000c                        _sbss = .
                0x2000000c                        __bss_start__ = _sbss
 *(.bss)
 .bss           0x2000000c       0x1c C:/ST/STM32CubeIDE_1.15.0/STM32CubeIDE/plugins/com.st.stm32cube.ide.mcu.externaltools.gnu-tools-for-stm32.12.3.rel1.win32_1.0.100.202403111256/tools/bin/../lib/gcc/arm-none-eabi/12.3.1/thumb/v7e-m+fp/hard/crtbegin.o
 *(.bss*)
 .bss.hadc1     0x20000028       0x50 ./Core/Src/adc.o
                0x20000028                hadc1
 .bss.hadc2     0x20000078       0x50 ./Core/Src/adc.o
                0x20000078                hadc2
 .bss.HAL_RCC_ADC12_CLK_ENABLED
                0x200000c8        0x4 ./Core/Src/adc.o
 .bss.hi2c1     0x200000cc       0x54 ./Core/Src/i2c.o
                0x200000cc                hi2c1
 .bss.command_received
                0x20000120        0xa ./Core/Src/main.o
                0x20000120                command_received
 *fill*         0x2000012a        0x2 
 .bss.rxBuffer  0x2000012c        0x2 ./Core/Src/main.o
                0x2000012c                rxBuffer
 *fill*         0x2000012e        0x2 
 .bss.txBuffer  0x20000130        0x2 ./Core/Src/main.o
                0x20000130                txBuffer
 .bss.ADC_30V   0x20000132        0x2 ./Core/Src/main.o
                0x20000132                ADC_30V
 .bss.ADC_08V   0x20000134        0x2 ./Core/Src/main.o
                0x20000134                ADC_08V
 .bss.ADC_PAD   0x20000136        0x2 ./Core/Src/main.o
                0x20000136                ADC_PAD
 .bss.ADC_OTR   0x20000138        0x2 ./Core/Src/main.o
                0x20000138                ADC_OTR
 .bss.RES       0x2000013a        0x2 ./Core/Src/main.o
                0x2000013a                RES
 .bss.V_BAT     0x2000013c        0x2 ./Core/Src/main.o
                0x2000013c                V_BAT
 *fill*         0x2000013e        0x2 
 .bss.TEMP      0x20000140        0x4 ./Core/Src/main.o
                0x20000140                TEMP
 .bss.POWER     0x20000144        0x4 ./Core/Src/main.o
                0x20000144                POWER
 .bss.huart2    0x20000148       0x88 ./Core/Src/usart.o
                0x20000148                huart2
 .bss.uwTick    0x200001d0        0x4 ./Drivers/STM32F3xx_HAL_Driver/Src/stm32f3xx_hal.o
                0x200001d0                uwTick
 *(COMMON)
                0x200001d4                        . = ALIGN (0x4)
                0x200001d4                        _ebss = .
                0x200001d4                        __bss_end__ = _ebss

._user_heap_stack
                0x200001d4      0x604
                0x200001d8                        . = ALIGN (0x8)
 *fill*         0x200001d4        0x4 
                [!provide]                        PROVIDE (end = .)
                0x200001d8                        PROVIDE (_end = .)
                0x200003d8                        . = (. + _Min_Heap_Size)
 *fill*         0x200001d8      0x200 
                0x200007d8                        . = (. + _Min_Stack_Size)
 *fill*         0x200003d8      0x400 
                0x200007d8                        . = ALIGN (0x8)

/DISCARD/
 libc.a(*)
 libm.a(*)
 libgcc.a(*)

.ARM.attributes
                0x00000000       0x30
 *(.ARM.attributes)
 .ARM.attributes
                0x00000000       0x22 C:/ST/STM32CubeIDE_1.15.0/STM32CubeIDE/plugins/com.st.stm32cube.ide.mcu.externaltools.gnu-tools-for-stm32.12.3.rel1.win32_1.0.100.202403111256/tools/bin/../lib/gcc/arm-none-eabi/12.3.1/thumb/v7e-m+fp/hard/crti.o
 .ARM.attributes
                0x00000022       0x34 C:/ST/STM32CubeIDE_1.15.0/STM32CubeIDE/plugins/com.st.stm32cube.ide.mcu.externaltools.gnu-tools-for-stm32.12.3.rel1.win32_1.0.100.202403111256/tools/bin/../lib/gcc/arm-none-eabi/12.3.1/thumb/v7e-m+fp/hard/crtbegin.o
 .ARM.attributes
                0x00000056       0x34 ./Core/Src/adc.o
 .ARM.attributes
                0x0000008a       0x34 ./Core/Src/gpio.o
 .ARM.attributes
                0x000000be       0x34 ./Core/Src/i2c.o
 .ARM.attributes
                0x000000f2       0x34 ./Core/Src/main.o
 .ARM.attributes
                0x00000126       0x34 ./Core/Src/stm32f3xx_hal_msp.o
 .ARM.attributes
                0x0000015a       0x34 ./Core/Src/stm32f3xx_it.o
 .ARM.attributes
                0x0000018e       0x34 ./Core/Src/system_stm32f3xx.o
 .ARM.attributes
                0x000001c2       0x34 ./Core/Src/usart.o
 .ARM.attributes
                0x000001f6       0x21 ./Core/Startup/startup_stm32f303k8tx.o
 .ARM.attributes
                0x00000217       0x34 ./Drivers/STM32F3xx_HAL_Driver/Src/stm32f3xx_hal.o
 .ARM.attributes
                0x0000024b       0x34 ./Drivers/STM32F3xx_HAL_Driver/Src/stm32f3xx_hal_adc_ex.o
 .ARM.attributes
                0x0000027f       0x34 ./Drivers/STM32F3xx_HAL_Driver/Src/stm32f3xx_hal_cortex.o
 .ARM.attributes
                0x000002b3       0x34 ./Drivers/STM32F3xx_HAL_Driver/Src/stm32f3xx_hal_dma.o
 .ARM.attributes
                0x000002e7       0x34 ./Drivers/STM32F3xx_HAL_Driver/Src/stm32f3xx_hal_gpio.o
 .ARM.attributes
                0x0000031b       0x34 ./Drivers/STM32F3xx_HAL_Driver/Src/stm32f3xx_hal_i2c.o
 .ARM.attributes
                0x0000034f       0x34 ./Drivers/STM32F3xx_HAL_Driver/Src/stm32f3xx_hal_i2c_ex.o
 .ARM.attributes
                0x00000383       0x34 ./Drivers/STM32F3xx_HAL_Driver/Src/stm32f3xx_hal_rcc.o
 .ARM.attributes
                0x000003b7       0x34 ./Drivers/STM32F3xx_HAL_Driver/Src/stm32f3xx_hal_rcc_ex.o
 .ARM.attributes
                0x000003eb       0x34 ./Drivers/STM32F3xx_HAL_Driver/Src/stm32f3xx_hal_uart.o
 .ARM.attributes
                0x0000041f       0x34 C:/ST/STM32CubeIDE_1.15.0/STM32CubeIDE/plugins/com.st.stm32cube.ide.mcu.externaltools.gnu-tools-for-stm32.12.3.rel1.win32_1.0.100.202403111256/tools/bin/../lib/gcc/arm-none-eabi/12.3.1/../../../../arm-none-eabi/lib/thumb/v7e-m+fp/hard\libc_nano.a(libc_a-memset.o)
 .ARM.attributes
                0x00000453       0x34 C:/ST/STM32CubeIDE_1.15.0/STM32CubeIDE/plugins/com.st.stm32cube.ide.mcu.externaltools.gnu-tools-for-stm32.12.3.rel1.win32_1.0.100.202403111256/tools/bin/../lib/gcc/arm-none-eabi/12.3.1/../../../../arm-none-eabi/lib/thumb/v7e-m+fp/hard\libc_nano.a(libc_a-init.o)
 .ARM.attributes
                0x00000487       0x22 C:/ST/STM32CubeIDE_1.15.0/STM32CubeIDE/plugins/com.st.stm32cube.ide.mcu.externaltools.gnu-tools-for-stm32.12.3.rel1.win32_1.0.100.202403111256/tools/bin/../lib/gcc/arm-none-eabi/12.3.1/thumb/v7e-m+fp/hard/crtn.o
OUTPUT(stm32f303k8t6_i2c_slave_hal.elf elf32-littlearm)
LOAD linker stubs
LOAD C:/ST/STM32CubeIDE_1.15.0/STM32CubeIDE/plugins/com.st.stm32cube.ide.mcu.externaltools.gnu-tools-for-stm32.12.3.rel1.win32_1.0.100.202403111256/tools/bin/../lib/gcc/arm-none-eabi/12.3.1/../../../../arm-none-eabi/lib/thumb/v7e-m+fp/hard\libc.a
LOAD C:/ST/STM32CubeIDE_1.15.0/STM32CubeIDE/plugins/com.st.stm32cube.ide.mcu.externaltools.gnu-tools-for-stm32.12.3.rel1.win32_1.0.100.202403111256/tools/bin/../lib/gcc/arm-none-eabi/12.3.1/../../../../arm-none-eabi/lib/thumb/v7e-m+fp/hard\libm.a
LOAD C:/ST/STM32CubeIDE_1.15.0/STM32CubeIDE/plugins/com.st.stm32cube.ide.mcu.externaltools.gnu-tools-for-stm32.12.3.rel1.win32_1.0.100.202403111256/tools/bin/../lib/gcc/arm-none-eabi/12.3.1/thumb/v7e-m+fp/hard\libgcc.a

.debug_info     0x00000000     0xef8e
 .debug_info    0x00000000      0xc05 ./Core/Src/adc.o
 .debug_info    0x00000c05      0x321 ./Core/Src/gpio.o
 .debug_info    0x00000f26      0xa51 ./Core/Src/i2c.o
 .debug_info    0x00001977      0xe93 ./Core/Src/main.o
 .debug_info    0x0000280a      0x18d ./Core/Src/stm32f3xx_hal_msp.o
 .debug_info    0x00002997      0x6b6 ./Core/Src/stm32f3xx_it.o
 .debug_info    0x0000304d      0x407 ./Core/Src/system_stm32f3xx.o
 .debug_info    0x00003454      0x91d ./Core/Src/usart.o
 .debug_info    0x00003d71       0x30 ./Core/Startup/startup_stm32f303k8tx.o
 .debug_info    0x00003da1      0x74a ./Drivers/STM32F3xx_HAL_Driver/Src/stm32f3xx_hal.o
 .debug_info    0x000044eb     0x15b2 ./Drivers/STM32F3xx_HAL_Driver/Src/stm32f3xx_hal_adc_ex.o
 .debug_info    0x00005a9d      0xa87 ./Drivers/STM32F3xx_HAL_Driver/Src/stm32f3xx_hal_cortex.o
 .debug_info    0x00006524      0x6e1 ./Drivers/STM32F3xx_HAL_Driver/Src/stm32f3xx_hal_dma.o
 .debug_info    0x00006c05      0x6a6 ./Drivers/STM32F3xx_HAL_Driver/Src/stm32f3xx_hal_gpio.o
 .debug_info    0x000072ab     0x20c3 ./Drivers/STM32F3xx_HAL_Driver/Src/stm32f3xx_hal_i2c.o
 .debug_info    0x0000936e      0x8c0 ./Drivers/STM32F3xx_HAL_Driver/Src/stm32f3xx_hal_i2c_ex.o
 .debug_info    0x00009c2e     0x148a ./Drivers/STM32F3xx_HAL_Driver/Src/stm32f3xx_hal_rcc.o
 .debug_info    0x0000b0b8      0x52e ./Drivers/STM32F3xx_HAL_Driver/Src/stm32f3xx_hal_rcc_ex.o
 .debug_info    0x0000b5e6     0x39a8 ./Drivers/STM32F3xx_HAL_Driver/Src/stm32f3xx_hal_uart.o

.debug_abbrev   0x00000000     0x2519
 .debug_abbrev  0x00000000      0x248 ./Core/Src/adc.o
 .debug_abbrev  0x00000248      0x151 ./Core/Src/gpio.o
 .debug_abbrev  0x00000399      0x21a ./Core/Src/i2c.o
 .debug_abbrev  0x000005b3      0x26c ./Core/Src/main.o
 .debug_abbrev  0x0000081f       0xc6 ./Core/Src/stm32f3xx_hal_msp.o
 .debug_abbrev  0x000008e5      0x17b ./Core/Src/stm32f3xx_it.o
 .debug_abbrev  0x00000a60      0x11a ./Core/Src/system_stm32f3xx.o
 .debug_abbrev  0x00000b7a      0x1f5 ./Core/Src/usart.o
 .debug_abbrev  0x00000d6f       0x24 ./Core/Startup/startup_stm32f303k8tx.o
 .debug_abbrev  0x00000d93      0x215 ./Drivers/STM32F3xx_HAL_Driver/Src/stm32f3xx_hal.o
 .debug_abbrev  0x00000fa8      0x28e ./Drivers/STM32F3xx_HAL_Driver/Src/stm32f3xx_hal_adc_ex.o
 .debug_abbrev  0x00001236      0x2f8 ./Drivers/STM32F3xx_HAL_Driver/Src/stm32f3xx_hal_cortex.o
 .debug_abbrev  0x0000152e      0x20d ./Drivers/STM32F3xx_HAL_Driver/Src/stm32f3xx_hal_dma.o
 .debug_abbrev  0x0000173b      0x1ca ./Drivers/STM32F3xx_HAL_Driver/Src/stm32f3xx_hal_gpio.o
 .debug_abbrev  0x00001905      0x260 ./Drivers/STM32F3xx_HAL_Driver/Src/stm32f3xx_hal_i2c.o
 .debug_abbrev  0x00001b65      0x1c2 ./Drivers/STM32F3xx_HAL_Driver/Src/stm32f3xx_hal_i2c_ex.o
 .debug_abbrev  0x00001d27      0x300 ./Drivers/STM32F3xx_HAL_Driver/Src/stm32f3xx_hal_rcc.o
 .debug_abbrev  0x00002027      0x221 ./Drivers/STM32F3xx_HAL_Driver/Src/stm32f3xx_hal_rcc_ex.o
 .debug_abbrev  0x00002248      0x2d1 ./Drivers/STM32F3xx_HAL_Driver/Src/stm32f3xx_hal_uart.o

.debug_aranges  0x00000000      0xbd0
 .debug_aranges
                0x00000000       0x38 ./Core/Src/adc.o
 .debug_aranges
                0x00000038       0x20 ./Core/Src/gpio.o
 .debug_aranges
                0x00000058       0x30 ./Core/Src/i2c.o
 .debug_aranges
                0x00000088       0x40 ./Core/Src/main.o
 .debug_aranges
                0x000000c8       0x20 ./Core/Src/stm32f3xx_hal_msp.o
 .debug_aranges
                0x000000e8       0x70 ./Core/Src/stm32f3xx_it.o
 .debug_aranges
                0x00000158       0x28 ./Core/Src/system_stm32f3xx.o
 .debug_aranges
                0x00000180       0x30 ./Core/Src/usart.o
 .debug_aranges
                0x000001b0       0x28 ./Core/Startup/startup_stm32f303k8tx.o
 .debug_aranges
                0x000001d8       0xe0 ./Drivers/STM32F3xx_HAL_Driver/Src/stm32f3xx_hal.o
 .debug_aranges
                0x000002b8      0x168 ./Drivers/STM32F3xx_HAL_Driver/Src/stm32f3xx_hal_adc_ex.o
 .debug_aranges
                0x00000420      0x100 ./Drivers/STM32F3xx_HAL_Driver/Src/stm32f3xx_hal_cortex.o
 .debug_aranges
                0x00000520       0x88 ./Drivers/STM32F3xx_HAL_Driver/Src/stm32f3xx_hal_dma.o
 .debug_aranges
                0x000005a8       0x58 ./Drivers/STM32F3xx_HAL_Driver/Src/stm32f3xx_hal_gpio.o
 .debug_aranges
                0x00000600      0x2a0 ./Drivers/STM32F3xx_HAL_Driver/Src/stm32f3xx_hal_i2c.o
 .debug_aranges
                0x000008a0       0x48 ./Drivers/STM32F3xx_HAL_Driver/Src/stm32f3xx_hal_i2c_ex.o
 .debug_aranges
                0x000008e8       0x88 ./Drivers/STM32F3xx_HAL_Driver/Src/stm32f3xx_hal_rcc.o
 .debug_aranges
                0x00000970       0x38 ./Drivers/STM32F3xx_HAL_Driver/Src/stm32f3xx_hal_rcc_ex.o
 .debug_aranges
                0x000009a8      0x228 ./Drivers/STM32F3xx_HAL_Driver/Src/stm32f3xx_hal_uart.o

.debug_rnglists
                0x00000000      0x930
 .debug_rnglists
                0x00000000       0x29 ./Core/Src/adc.o
 .debug_rnglists
                0x00000029       0x14 ./Core/Src/gpio.o
 .debug_rnglists
                0x0000003d       0x20 ./Core/Src/i2c.o
 .debug_rnglists
                0x0000005d       0x2e ./Core/Src/main.o
 .debug_rnglists
                0x0000008b       0x13 ./Core/Src/stm32f3xx_hal_msp.o
 .debug_rnglists
                0x0000009e       0x4f ./Core/Src/stm32f3xx_it.o
 .debug_rnglists
                0x000000ed       0x1a ./Core/Src/system_stm32f3xx.o
 .debug_rnglists
                0x00000107       0x20 ./Core/Src/usart.o
 .debug_rnglists
                0x00000127       0x19 ./Core/Startup/startup_stm32f303k8tx.o
 .debug_rnglists
                0x00000140       0xa3 ./Drivers/STM32F3xx_HAL_Driver/Src/stm32f3xx_hal.o
 .debug_rnglists
                0x000001e3      0x126 ./Drivers/STM32F3xx_HAL_Driver/Src/stm32f3xx_hal_adc_ex.o
 .debug_rnglists
                0x00000309       0xbb ./Drivers/STM32F3xx_HAL_Driver/Src/stm32f3xx_hal_cortex.o
 .debug_rnglists
                0x000003c4       0x69 ./Drivers/STM32F3xx_HAL_Driver/Src/stm32f3xx_hal_dma.o
 .debug_rnglists
                0x0000042d       0x3f ./Drivers/STM32F3xx_HAL_Driver/Src/stm32f3xx_hal_gpio.o
 .debug_rnglists
                0x0000046c      0x228 ./Drivers/STM32F3xx_HAL_Driver/Src/stm32f3xx_hal_i2c.o
 .debug_rnglists
                0x00000694       0x35 ./Drivers/STM32F3xx_HAL_Driver/Src/stm32f3xx_hal_i2c_ex.o
 .debug_rnglists
                0x000006c9       0x66 ./Drivers/STM32F3xx_HAL_Driver/Src/stm32f3xx_hal_rcc.o
 .debug_rnglists
                0x0000072f       0x27 ./Drivers/STM32F3xx_HAL_Driver/Src/stm32f3xx_hal_rcc_ex.o
 .debug_rnglists
                0x00000756      0x1da ./Drivers/STM32F3xx_HAL_Driver/Src/stm32f3xx_hal_uart.o

.debug_macro    0x00000000    0x1b236
 .debug_macro   0x00000000      0x1de ./Core/Src/adc.o
 .debug_macro   0x000001de      0xab4 ./Core/Src/adc.o
 .debug_macro   0x00000c92      0x157 ./Core/Src/adc.o
 .debug_macro   0x00000de9       0x2e ./Core/Src/adc.o
 .debug_macro   0x00000e17       0x28 ./Core/Src/adc.o
 .debug_macro   0x00000e3f       0x22 ./Core/Src/adc.o
 .debug_macro   0x00000e61       0x8e ./Core/Src/adc.o
 .debug_macro   0x00000eef       0x51 ./Core/Src/adc.o
 .debug_macro   0x00000f40      0x103 ./Core/Src/adc.o
 .debug_macro   0x00001043       0x6a ./Core/Src/adc.o
 .debug_macro   0x000010ad      0x1df ./Core/Src/adc.o
 .debug_macro   0x0000128c       0x1c ./Core/Src/adc.o
 .debug_macro   0x000012a8       0x22 ./Core/Src/adc.o
 .debug_macro   0x000012ca       0xd9 ./Core/Src/adc.o
 .debug_macro   0x000013a3      0xf07 ./Core/Src/adc.o
 .debug_macro   0x000022aa    0x10be0 ./Core/Src/adc.o
 .debug_macro   0x00012e8a       0x6d ./Core/Src/adc.o
 .debug_macro   0x00012ef7     0x3574 ./Core/Src/adc.o
 .debug_macro   0x0001646b      0x189 ./Core/Src/adc.o
 .debug_macro   0x000165f4       0x55 ./Core/Src/adc.o
 .debug_macro   0x00016649      0x8f8 ./Core/Src/adc.o
 .debug_macro   0x00016f41      0x304 ./Core/Src/adc.o
 .debug_macro   0x00017245      0x1b5 ./Core/Src/adc.o
 .debug_macro   0x000173fa      0x11b ./Core/Src/adc.o
 .debug_macro   0x00017515      0x1d5 ./Core/Src/adc.o
 .debug_macro   0x000176ea      0x1bc ./Core/Src/adc.o
 .debug_macro   0x000178a6       0x34 ./Core/Src/adc.o
 .debug_macro   0x000178da       0x3c ./Core/Src/adc.o
 .debug_macro   0x00017916       0x57 ./Core/Src/adc.o
 .debug_macro   0x0001796d      0x87d ./Core/Src/adc.o
 .debug_macro   0x000181ea       0x77 ./Core/Src/adc.o
 .debug_macro   0x00018261       0xc5 ./Core/Src/adc.o
 .debug_macro   0x00018326      0x19f ./Core/Src/adc.o
 .debug_macro   0x000184c5      0x22c ./Core/Src/adc.o
 .debug_macro   0x000186f1       0x5b ./Core/Src/adc.o
 .debug_macro   0x0001874c       0xa5 ./Core/Src/adc.o
 .debug_macro   0x000187f1       0x81 ./Core/Src/adc.o
 .debug_macro   0x00018872       0xd3 ./Core/Src/adc.o
 .debug_macro   0x00018945      0x5ba ./Core/Src/adc.o
 .debug_macro   0x00018eff       0x44 ./Core/Src/adc.o
 .debug_macro   0x00018f43      0x285 ./Core/Src/adc.o
 .debug_macro   0x000191c8      0x1de ./Core/Src/gpio.o
 .debug_macro   0x000193a6      0x1de ./Core/Src/i2c.o
 .debug_macro   0x00019584      0x212 ./Core/Src/main.o
 .debug_macro   0x00019796      0x1d4 ./Core/Src/stm32f3xx_hal_msp.o
 .debug_macro   0x0001996a      0x1de ./Core/Src/stm32f3xx_it.o
 .debug_macro   0x00019b48      0x1ca ./Core/Src/system_stm32f3xx.o
 .debug_macro   0x00019d12      0x1de ./Core/Src/usart.o
 .debug_macro   0x00019ef0      0x1ee ./Drivers/STM32F3xx_HAL_Driver/Src/stm32f3xx_hal.o
 .debug_macro   0x0001a0de      0x1f4 ./Drivers/STM32F3xx_HAL_Driver/Src/stm32f3xx_hal_adc_ex.o
 .debug_macro   0x0001a2d2      0x1ca ./Drivers/STM32F3xx_HAL_Driver/Src/stm32f3xx_hal_cortex.o
 .debug_macro   0x0001a49c      0x1ca ./Drivers/STM32F3xx_HAL_Driver/Src/stm32f3xx_hal_dma.o
 .debug_macro   0x0001a666      0x1d1 ./Drivers/STM32F3xx_HAL_Driver/Src/stm32f3xx_hal_gpio.o
 .debug_macro   0x0001a837      0x296 ./Drivers/STM32F3xx_HAL_Driver/Src/stm32f3xx_hal_i2c.o
 .debug_macro   0x0001aacd      0x1ca ./Drivers/STM32F3xx_HAL_Driver/Src/stm32f3xx_hal_i2c_ex.o
 .debug_macro   0x0001ac97      0x1ee ./Drivers/STM32F3xx_HAL_Driver/Src/stm32f3xx_hal_rcc.o
 .debug_macro   0x0001ae85      0x1ca ./Drivers/STM32F3xx_HAL_Driver/Src/stm32f3xx_hal_rcc_ex.o
 .debug_macro   0x0001b04f      0x1e7 ./Drivers/STM32F3xx_HAL_Driver/Src/stm32f3xx_hal_uart.o

.debug_line     0x00000000    0x125c4
 .debug_line    0x00000000      0x966 ./Core/Src/adc.o
 .debug_line    0x00000966      0x791 ./Core/Src/gpio.o
 .debug_line    0x000010f7      0x7ed ./Core/Src/i2c.o
 .debug_line    0x000018e4      0x9d9 ./Core/Src/main.o
 .debug_line    0x000022bd      0x76a ./Core/Src/stm32f3xx_hal_msp.o
 .debug_line    0x00002a27      0x85d ./Core/Src/stm32f3xx_it.o
 .debug_line    0x00003284      0x7e4 ./Core/Src/system_stm32f3xx.o
 .debug_line    0x00003a68      0x7da ./Core/Src/usart.o
 .debug_line    0x00004242       0x7a ./Core/Startup/startup_stm32f303k8tx.o
 .debug_line    0x000042bc      0xa1c ./Drivers/STM32F3xx_HAL_Driver/Src/stm32f3xx_hal.o
 .debug_line    0x00004cd8     0x20fa ./Drivers/STM32F3xx_HAL_Driver/Src/stm32f3xx_hal_adc_ex.o
 .debug_line    0x00006dd2      0xc02 ./Drivers/STM32F3xx_HAL_Driver/Src/stm32f3xx_hal_cortex.o
 .debug_line    0x000079d4      0xd06 ./Drivers/STM32F3xx_HAL_Driver/Src/stm32f3xx_hal_dma.o
 .debug_line    0x000086da      0xb7f ./Drivers/STM32F3xx_HAL_Driver/Src/stm32f3xx_hal_gpio.o
 .debug_line    0x00009259     0x3a93 ./Drivers/STM32F3xx_HAL_Driver/Src/stm32f3xx_hal_i2c.o
 .debug_line    0x0000ccec      0x988 ./Drivers/STM32F3xx_HAL_Driver/Src/stm32f3xx_hal_i2c_ex.o
 .debug_line    0x0000d674     0x13b0 ./Drivers/STM32F3xx_HAL_Driver/Src/stm32f3xx_hal_rcc.o
 .debug_line    0x0000ea24      0xaa6 ./Drivers/STM32F3xx_HAL_Driver/Src/stm32f3xx_hal_rcc_ex.o
 .debug_line    0x0000f4ca     0x30fa ./Drivers/STM32F3xx_HAL_Driver/Src/stm32f3xx_hal_uart.o

.debug_str      0x00000000    0x9f7d2
 .debug_str     0x00000000    0x9bf7d ./Core/Src/adc.o
                              0x9c2c8 (size before relaxing)
 .debug_str     0x0009bf7d       0x68 ./Core/Src/gpio.o
                              0x9bc08 (size before relaxing)
 .debug_str     0x0009bfe5      0x51b ./Core/Src/i2c.o
                              0x9c42f (size before relaxing)
 .debug_str     0x0009c500      0x3e1 ./Core/Src/main.o
                              0x9c636 (size before relaxing)
 .debug_str     0x0009c8e1       0x2c ./Core/Src/stm32f3xx_hal_msp.o
                              0x9bb3d (size before relaxing)
 .debug_str     0x0009c90d      0x11b ./Core/Src/stm32f3xx_it.o
                              0x9c094 (size before relaxing)
 .debug_str     0x0009ca28       0xdf ./Core/Src/system_stm32f3xx.o
                              0x9bbfb (size before relaxing)
 .debug_str     0x0009cb07      0x25b ./Core/Src/usart.o
                              0x9c090 (size before relaxing)
 .debug_str     0x0009cd62       0x44 ./Core/Startup/startup_stm32f303k8tx.o
                                 0x8b (size before relaxing)
 .debug_str     0x0009cda6      0x3a1 ./Drivers/STM32F3xx_HAL_Driver/Src/stm32f3xx_hal.o
                              0x9c2eb (size before relaxing)
 .debug_str     0x0009d147      0x6b7 ./Drivers/STM32F3xx_HAL_Driver/Src/stm32f3xx_hal_adc_ex.o
                              0x9c901 (size before relaxing)
 .debug_str     0x0009d7fe      0x218 ./Drivers/STM32F3xx_HAL_Driver/Src/stm32f3xx_hal_cortex.o
                              0x9c210 (size before relaxing)
 .debug_str     0x0009da16      0x229 ./Drivers/STM32F3xx_HAL_Driver/Src/stm32f3xx_hal_dma.o
                              0x9bf43 (size before relaxing)
 .debug_str     0x0009dc3f      0x157 ./Drivers/STM32F3xx_HAL_Driver/Src/stm32f3xx_hal_gpio.o
                              0x9bdda (size before relaxing)
 .debug_str     0x0009dd96      0xd94 ./Drivers/STM32F3xx_HAL_Driver/Src/stm32f3xx_hal_i2c.o
                              0x9cefb (size before relaxing)
 .debug_str     0x0009eb2a       0xb8 ./Drivers/STM32F3xx_HAL_Driver/Src/stm32f3xx_hal_i2c_ex.o
                              0x9c178 (size before relaxing)
 .debug_str     0x0009ebe2      0x2c6 ./Drivers/STM32F3xx_HAL_Driver/Src/stm32f3xx_hal_rcc.o
                              0x9c09b (size before relaxing)
 .debug_str     0x0009eea8       0xbe ./Drivers/STM32F3xx_HAL_Driver/Src/stm32f3xx_hal_rcc_ex.o
                              0x9bd9a (size before relaxing)
 .debug_str     0x0009ef66      0x86c ./Drivers/STM32F3xx_HAL_Driver/Src/stm32f3xx_hal_uart.o
                              0x9c91e (size before relaxing)

.comment        0x00000000       0x43
 .comment       0x00000000       0x43 ./Core/Src/adc.o
                                 0x44 (size before relaxing)
 .comment       0x00000043       0x44 ./Core/Src/gpio.o
 .comment       0x00000043       0x44 ./Core/Src/i2c.o
 .comment       0x00000043       0x44 ./Core/Src/main.o
 .comment       0x00000043       0x44 ./Core/Src/stm32f3xx_hal_msp.o
 .comment       0x00000043       0x44 ./Core/Src/stm32f3xx_it.o
 .comment       0x00000043       0x44 ./Core/Src/system_stm32f3xx.o
 .comment       0x00000043       0x44 ./Core/Src/usart.o
 .comment       0x00000043       0x44 ./Drivers/STM32F3xx_HAL_Driver/Src/stm32f3xx_hal.o
 .comment       0x00000043       0x44 ./Drivers/STM32F3xx_HAL_Driver/Src/stm32f3xx_hal_adc_ex.o
 .comment       0x00000043       0x44 ./Drivers/STM32F3xx_HAL_Driver/Src/stm32f3xx_hal_cortex.o
 .comment       0x00000043       0x44 ./Drivers/STM32F3xx_HAL_Driver/Src/stm32f3xx_hal_dma.o
 .comment       0x00000043       0x44 ./Drivers/STM32F3xx_HAL_Driver/Src/stm32f3xx_hal_gpio.o
 .comment       0x00000043       0x44 ./Drivers/STM32F3xx_HAL_Driver/Src/stm32f3xx_hal_i2c.o
 .comment       0x00000043       0x44 ./Drivers/STM32F3xx_HAL_Driver/Src/stm32f3xx_hal_i2c_ex.o
 .comment       0x00000043       0x44 ./Drivers/STM32F3xx_HAL_Driver/Src/stm32f3xx_hal_rcc.o
 .comment       0x00000043       0x44 ./Drivers/STM32F3xx_HAL_Driver/Src/stm32f3xx_hal_rcc_ex.o
 .comment       0x00000043       0x44 ./Drivers/STM32F3xx_HAL_Driver/Src/stm32f3xx_hal_uart.o

.debug_frame    0x00000000     0x2f70
 .debug_frame   0x00000000       0xa0 ./Core/Src/adc.o
 .debug_frame   0x000000a0       0x34 ./Core/Src/gpio.o
 .debug_frame   0x000000d4       0x74 ./Core/Src/i2c.o
 .debug_frame   0x00000148       0xb8 ./Core/Src/main.o
 .debug_frame   0x00000200       0x38 ./Core/Src/stm32f3xx_hal_msp.o
 .debug_frame   0x00000238      0x13c ./Core/Src/stm32f3xx_it.o
 .debug_frame   0x00000374       0x58 ./Core/Src/system_stm32f3xx.o
 .debug_frame   0x000003cc       0x74 ./Core/Src/usart.o
 .debug_frame   0x00000440      0x334 ./Drivers/STM32F3xx_HAL_Driver/Src/stm32f3xx_hal.o
 .debug_frame   0x00000774      0x638 ./Drivers/STM32F3xx_HAL_Driver/Src/stm32f3xx_hal_adc_ex.o
 .debug_frame   0x00000dac      0x428 ./Drivers/STM32F3xx_HAL_Driver/Src/stm32f3xx_hal_cortex.o
 .debug_frame   0x000011d4      0x224 ./Drivers/STM32F3xx_HAL_Driver/Src/stm32f3xx_hal_dma.o
 .debug_frame   0x000013f8      0x14c ./Drivers/STM32F3xx_HAL_Driver/Src/stm32f3xx_hal_gpio.o
 .debug_frame   0x00001544      0xc38 ./Drivers/STM32F3xx_HAL_Driver/Src/stm32f3xx_hal_i2c.o
 .debug_frame   0x0000217c      0x100 ./Drivers/STM32F3xx_HAL_Driver/Src/stm32f3xx_hal_i2c_ex.o
 .debug_frame   0x0000227c      0x214 ./Drivers/STM32F3xx_HAL_Driver/Src/stm32f3xx_hal_rcc.o
 .debug_frame   0x00002490       0xac ./Drivers/STM32F3xx_HAL_Driver/Src/stm32f3xx_hal_rcc_ex.o
 .debug_frame   0x0000253c      0x9e8 ./Drivers/STM32F3xx_HAL_Driver/Src/stm32f3xx_hal_uart.o
 .debug_frame   0x00002f24       0x20 C:/ST/STM32CubeIDE_1.15.0/STM32CubeIDE/plugins/com.st.stm32cube.ide.mcu.externaltools.gnu-tools-for-stm32.12.3.rel1.win32_1.0.100.202403111256/tools/bin/../lib/gcc/arm-none-eabi/12.3.1/../../../../arm-none-eabi/lib/thumb/v7e-m+fp/hard\libc_nano.a(libc_a-memset.o)
 .debug_frame   0x00002f44       0x2c C:/ST/STM32CubeIDE_1.15.0/STM32CubeIDE/plugins/com.st.stm32cube.ide.mcu.externaltools.gnu-tools-for-stm32.12.3.rel1.win32_1.0.100.202403111256/tools/bin/../lib/gcc/arm-none-eabi/12.3.1/../../../../arm-none-eabi/lib/thumb/v7e-m+fp/hard\libc_nano.a(libc_a-init.o)

.debug_line_str
                0x00000000       0x6f
 .debug_line_str
                0x00000000       0x6f ./Core/Startup/startup_stm32f303k8tx.o
